[    0.000000] Linux version 4.15.0-163-generic (buildd@lcy01-amd64-021) (gcc version 7.5.0 (Ubuntu 7.5.0-3ubuntu1~18.04)) #171-Ubuntu SMP Fri Nov 5 11:55:11 UTC 2021 (Ubuntu 4.15.0-163.171-generic 4.15.18)
[    0.000000] Command line: BOOT_IMAGE=/boot/vmlinuz-4.15.0-163-generic root=LABEL=cloudimg-rootfs ro console=tty1 console=ttyS0
[    0.000000] KERNEL supported cpus:
[    0.000000]   Intel GenuineIntel
[    0.000000]   AMD AuthenticAMD
[    0.000000]   Centaur CentaurHauls
[    0.000000] x86/fpu: Supporting XSAVE feature 0x001: 'x87 floating point registers'
[    0.000000] x86/fpu: Supporting XSAVE feature 0x002: 'SSE registers'
[    0.000000] x86/fpu: Supporting XSAVE feature 0x004: 'AVX registers'
[    0.000000] x86/fpu: xstate_offset[2]:  576, xstate_sizes[2]:  256
[    0.000000] x86/fpu: Enabled xstate features 0x7, context size is 832 bytes, using 'standard' format.
[    0.000000] e820: BIOS-provided physical RAM map:
[    0.000000] BIOS-e820: [mem 0x0000000000000000-0x000000000009fbff] usable
[    0.000000] BIOS-e820: [mem 0x000000000009fc00-0x000000000009ffff] reserved
[    0.000000] BIOS-e820: [mem 0x00000000000f0000-0x00000000000fffff] reserved
[    0.000000] BIOS-e820: [mem 0x0000000000100000-0x000000003ffeffff] usable
[    0.000000] BIOS-e820: [mem 0x000000003fff0000-0x000000003fffffff] ACPI data
[    0.000000] BIOS-e820: [mem 0x00000000fec00000-0x00000000fec00fff] reserved
[    0.000000] BIOS-e820: [mem 0x00000000fee00000-0x00000000fee00fff] reserved
[    0.000000] BIOS-e820: [mem 0x00000000fffc0000-0x00000000ffffffff] reserved
[    0.000000] NX (Execute Disable) protection: active
[    0.000000] SMBIOS 2.5 present.
[    0.000000] DMI: innotek GmbH VirtualBox/VirtualBox, BIOS VirtualBox 12/01/2006
[    0.000000] Hypervisor detected: KVM
[    0.000000] e820: last_pfn = 0x3fff0 max_arch_pfn = 0x400000000
[    0.000000] MTRR: Disabled
[    0.000000] x86/PAT: MTRRs disabled, skipping PAT initialization too.
[    0.000000] CPU MTRRs all blank - virtualized system.
[    0.000000] x86/PAT: Configuration [0-7]: WB  WT  UC- UC  WB  WT  UC- UC  
[    0.000000] found SMP MP-table at [mem 0x0009fff0-0x0009ffff]
[    0.000000] Scanning 1 areas for low memory corruption
[    0.000000] RAMDISK: [mem 0x359cd000-0x36cddfff]
[    0.000000] ACPI: Early table checksum verification disabled
[    0.000000] ACPI: RSDP 0x00000000000E0000 000024 (v02 VBOX  )
[    0.000000] ACPI: XSDT 0x000000003FFF0030 00003C (v01 VBOX   VBOXXSDT 00000001 ASL  00000061)
[    0.000000] ACPI: FACP 0x000000003FFF00F0 0000F4 (v04 VBOX   VBOXFACP 00000001 ASL  00000061)
[    0.000000] ACPI: DSDT 0x000000003FFF0470 002325 (v02 VBOX   VBOXBIOS 00000002 INTL 20100528)
[    0.000000] ACPI: FACS 0x000000003FFF0200 000040
[    0.000000] ACPI: FACS 0x000000003FFF0200 000040
[    0.000000] ACPI: APIC 0x000000003FFF0240 00005C (v02 VBOX   VBOXAPIC 00000001 ASL  00000061)
[    0.000000] ACPI: SSDT 0x000000003FFF02A0 0001CC (v01 VBOX   VBOXCPUT 00000002 INTL 20100528)
[    0.000000] ACPI: Reserving FACP table memory at [mem 0x3fff00f0-0x3fff01e3]
[    0.000000] ACPI: Reserving DSDT table memory at [mem 0x3fff0470-0x3fff2794]
[    0.000000] ACPI: Reserving FACS table memory at [mem 0x3fff0200-0x3fff023f]
[    0.000000] ACPI: Reserving FACS table memory at [mem 0x3fff0200-0x3fff023f]
[    0.000000] ACPI: Reserving APIC table memory at [mem 0x3fff0240-0x3fff029b]
[    0.000000] ACPI: Reserving SSDT table memory at [mem 0x3fff02a0-0x3fff046b]
[    0.000000] No NUMA configuration found
[    0.000000] Faking a node at [mem 0x0000000000000000-0x000000003ffeffff]
[    0.000000] NODE_DATA(0) allocated [mem 0x3ffc5000-0x3ffeffff]
[    0.000000] kvm-clock: cpu 0, msr 0:3ff44001, primary cpu clock
[    0.000000] kvm-clock: Using msrs 4b564d01 and 4b564d00
[    0.000000] kvm-clock: using sched offset of 3561383899 cycles
[    0.000000] clocksource: kvm-clock: mask: 0xffffffffffffffff max_cycles: 0x1cd42e4dffb, max_idle_ns: 881590591483 ns
[    0.000000] Zone ranges:
[    0.000000]   DMA      [mem 0x0000000000001000-0x0000000000ffffff]
[    0.000000]   DMA32    [mem 0x0000000001000000-0x000000003ffeffff]
[    0.000000]   Normal   empty
[    0.000000]   Device   empty
[    0.000000] Movable zone start for each node
[    0.000000] Early memory node ranges
[    0.000000]   node   0: [mem 0x0000000000001000-0x000000000009efff]
[    0.000000]   node   0: [mem 0x0000000000100000-0x000000003ffeffff]
[    0.000000] Reserved but unavailable: 104 pages
[    0.000000] Initmem setup node 0 [mem 0x0000000000001000-0x000000003ffeffff]
[    0.000000] ACPI: PM-Timer IO Port: 0x4008
[    0.000000] IOAPIC[0]: apic_id 2, version 32, address 0xfec00000, GSI 0-23
[    0.000000] ACPI: INT_SRC_OVR (bus 0 bus_irq 0 global_irq 2 dfl dfl)
[    0.000000] ACPI: INT_SRC_OVR (bus 0 bus_irq 9 global_irq 9 low level)
[    0.000000] Using ACPI (MADT) for SMP configuration information
[    0.000000] smpboot: Allowing 2 CPUs, 0 hotplug CPUs
[    0.000000] PM: Registered nosave memory: [mem 0x00000000-0x00000fff]
[    0.000000] PM: Registered nosave memory: [mem 0x0009f000-0x0009ffff]
[    0.000000] PM: Registered nosave memory: [mem 0x000a0000-0x000effff]
[    0.000000] PM: Registered nosave memory: [mem 0x000f0000-0x000fffff]
[    0.000000] e820: [mem 0x40000000-0xfebfffff] available for PCI devices
[    0.000000] Booting paravirtualized kernel on KVM
[    0.000000] clocksource: refined-jiffies: mask: 0xffffffff max_cycles: 0xffffffff, max_idle_ns: 7645519600211568 ns
[    0.000000] random: get_random_bytes called from start_kernel+0x99/0x500 with crng_init=0
[    0.000000] setup_percpu: NR_CPUS:8192 nr_cpumask_bits:2 nr_cpu_ids:2 nr_node_ids:1
[    0.000000] percpu: Embedded 45 pages/cpu s147456 r8192 d28672 u1048576
[    0.000000] PV qspinlock hash table entries: 256 (order: 0, 4096 bytes)
[    0.000000] Built 1 zonelists, mobility grouping on.  Total pages: 257913
[    0.000000] Policy zone: DMA32
[    0.000000] Kernel command line: BOOT_IMAGE=/boot/vmlinuz-4.15.0-163-generic root=LABEL=cloudimg-rootfs ro console=tty1 console=ttyS0
[    0.000000] Memory: 982712K/1048120K available (12300K kernel code, 2483K rwdata, 4320K rodata, 2448K init, 2724K bss, 65408K reserved, 0K cma-reserved)
[    0.000000] SLUB: HWalign=64, Order=0-3, MinObjects=0, CPUs=2, Nodes=1
[    0.000000] Kernel/User page tables isolation: enabled
[    0.000000] ftrace: allocating 39476 entries in 155 pages
[    0.004000] Hierarchical RCU implementation.
[    0.004000] 	RCU restricting CPUs from NR_CPUS=8192 to nr_cpu_ids=2.
[    0.004000] 	Tasks RCU enabled.
[    0.004000] RCU: Adjusting geometry for rcu_fanout_leaf=16, nr_cpu_ids=2
[    0.004000] NR_IRQS: 524544, nr_irqs: 440, preallocated irqs: 16
[    0.004000] Console: colour VGA+ 80x25
[    0.004000] console [tty1] enabled
[    0.004000] console [ttyS0] enabled
[    0.004000] ACPI: Core revision 20170831
[    0.004000] ACPI: 2 ACPI AML tables successfully acquired and loaded
[    0.004000] APIC: Switch to symmetric I/O mode setup
[    0.004000] x2apic enabled
[    0.004000] Switched APIC routing to physical x2apic.
[    0.004000] ..TIMER: vector=0x30 apic1=0 pin1=2 apic2=-1 pin2=-1
[    0.004003] tsc: Detected 2592.002 MHz processor
[    0.004765] Calibrating delay loop (skipped) preset value.. 5184.00 BogoMIPS (lpj=10368008)
[    0.005377] pid_max: default: 32768 minimum: 301
[    0.006164] Security Framework initialized
[    0.008002] Yama: becoming mindful.
[    0.008621] AppArmor: AppArmor initialized
[    0.009690] Dentry cache hash table entries: 131072 (order: 8, 1048576 bytes)
[    0.011210] Inode-cache hash table entries: 65536 (order: 7, 524288 bytes)
[    0.012009] Mount-cache hash table entries: 2048 (order: 2, 16384 bytes)
[    0.013089] Mountpoint-cache hash table entries: 2048 (order: 2, 16384 bytes)
[    0.014467] Last level iTLB entries: 4KB 64, 2MB 8, 4MB 8
[    0.016001] Last level dTLB entries: 4KB 64, 2MB 0, 4MB 0, 1GB 4
[    0.016982] Spectre V1 : Mitigation: usercopy/swapgs barriers and __user pointer sanitization
[    0.018469] Spectre V2 : Mitigation: Full generic retpoline
[    0.019414] Spectre V2 : Spectre v2 / SpectreRSB mitigation: Filling RSB on context switch
[    0.020001] Speculative Store Bypass: Vulnerable
[    0.020802] SRBDS: Unknown: Dependent on hypervisor status
[    0.021706] MDS: Mitigation: Clear CPU buffers
[    0.022633] Freeing SMP alternatives memory: 36K
[    0.134418] smpboot: CPU0: Intel(R) Core(TM) i7-9750H CPU @ 2.60GHz (family: 0x6, model: 0x9e, stepping: 0xa)
[    0.136000] Performance Events: unsupported p6 CPU model 158 no PMU driver, software events only.
[    0.136000] Hierarchical SRCU implementation.
[    0.136554] NMI watchdog: Perf event create on CPU 0 failed with -2
[    0.137646] NMI watchdog: Perf NMI watchdog permanently disabled
[    0.138858] smp: Bringing up secondary CPUs ...
[    0.140062] x86: Booting SMP configuration:
[    0.140879] .... node  #0, CPUs:      #1
[    0.004000] kvm-clock: cpu 1, msr 0:3ff44041, secondary cpu clock
[    0.144015] smp: Brought up 1 node, 2 CPUs
[    0.144739] smpboot: Max logical packages: 1
[    0.145520] smpboot: Total of 2 processors activated (10368.00 BogoMIPS)
[    0.148088] devtmpfs: initialized
[    0.148697] x86/mm: Memory block size: 128MB
[    0.149902] evm: security.selinux
[    0.150542] evm: security.SMACK64
[    0.151162] evm: security.SMACK64EXEC
[    0.152002] evm: security.SMACK64TRANSMUTE
[    0.152815] evm: security.SMACK64MMAP
[    0.153634] evm: security.apparmor
[    0.154275] evm: security.ima
[    0.155029] evm: security.capability
[    0.156053] clocksource: jiffies: mask: 0xffffffff max_cycles: 0xffffffff, max_idle_ns: 7645041785100000 ns
[    0.158400] futex hash table entries: 512 (order: 3, 32768 bytes)
[    0.159472] pinctrl core: initialized pinctrl subsystem
[    0.160276] RTC time:  9:52:32, date: 12/15/21
[    0.161276] NET: Registered protocol family 16
[    0.162176] audit: initializing netlink subsys (disabled)
[    0.164005] audit: type=2000 audit(1639561958.200:1): state=initialized audit_enabled=0 res=1
[    0.164076] cpuidle: using governor ladder
[    0.164766] cpuidle: using governor menu
[    0.168038] ACPI: bus type PCI registered
[    0.168810] acpiphp: ACPI Hot Plug PCI Controller Driver version: 0.5
[    0.170136] PCI: Using configuration type 1 for base access
[    0.172741] HugeTLB registered 2.00 MiB page size, pre-allocated 0 pages
[    0.173227] ACPI: Added _OSI(Module Device)
[    0.173227] ACPI: Added _OSI(Processor Device)
[    0.176002] ACPI: Added _OSI(3.0 _SCP Extensions)
[    0.176836] ACPI: Added _OSI(Processor Aggregator Device)
[    0.178192] ACPI: Added _OSI(Linux-Dell-Video)
[    0.179346] ACPI: Added _OSI(Linux-Lenovo-NV-HDMI-Audio)
[    0.180002] ACPI: Added _OSI(Linux-HPI-Hybrid-Graphics)
[    0.181240] ACPI: Executed 1 blocks of module-level executable AML code
[    0.186889] ACPI: Interpreter enabled
[    0.187790] ACPI: (supports S0 S5)
[    0.188002] ACPI: Using IOAPIC for interrupt routing
[    0.189360] PCI: Using host bridge windows from ACPI; if necessary, use "pci=nocrs" and report a bug
[    0.191407] ACPI: Enabled 2 GPEs in block 00 to 07
[    0.198358] ACPI: PCI Root Bridge [PCI0] (domain 0000 [bus 00-ff])
[    0.199543] acpi PNP0A03:00: _OSC: OS supports [ASPM ClockPM Segments MSI]
[    0.200531] acpi PNP0A03:00: _OSC: not requesting OS control; OS requires [ExtendedConfig ASPM ClockPM MSI]
[    0.202546] acpi PNP0A03:00: fail to add MMCONFIG information, can't access extended PCI configuration space under this bridge.
[    0.204369] PCI host bridge to bus 0000:00
[    0.205158] pci_bus 0000:00: root bus resource [io  0x0000-0x0cf7 window]
[    0.206638] pci_bus 0000:00: root bus resource [io  0x0d00-0xffff window]
[    0.208002] pci_bus 0000:00: root bus resource [mem 0x000a0000-0x000bffff window]
[    0.212002] pci_bus 0000:00: root bus resource [mem 0x40000000-0xfdffffff window]
[    0.213444] pci_bus 0000:00: root bus resource [bus 00-ff]
[    0.216450] pci 0000:00:01.1: legacy IDE quirk: reg 0x10: [io  0x01f0-0x01f7]
[    0.217881] pci 0000:00:01.1: legacy IDE quirk: reg 0x14: [io  0x03f6]
[    0.219184] pci 0000:00:01.1: legacy IDE quirk: reg 0x18: [io  0x0170-0x0177]
[    0.220002] pci 0000:00:01.1: legacy IDE quirk: reg 0x1c: [io  0x0376]
[    0.232268] pci 0000:00:07.0: quirk: [io  0x4000-0x403f] claimed by PIIX4 ACPI
[    0.233623] pci 0000:00:07.0: quirk: [io  0x4100-0x410f] claimed by PIIX4 SMB
[    0.238624] ACPI: PCI Interrupt Link [LNKA] (IRQs 5 9 10 *11)
[    0.240314] ACPI: PCI Interrupt Link [LNKB] (IRQs 5 9 *10 11)
[    0.241578] ACPI: PCI Interrupt Link [LNKC] (IRQs 5 *9 10 11)
[    0.242789] ACPI: PCI Interrupt Link [LNKD] (IRQs 5 9 10 *11)
[    0.244248] SCSI subsystem initialized
[    0.244983] pci 0000:00:02.0: vgaarb: setting as boot VGA device
[    0.245299] pci 0000:00:02.0: vgaarb: VGA device added: decodes=io+mem,owns=io+mem,locks=none
[    0.248006] pci 0000:00:02.0: vgaarb: bridge control possible
[    0.249020] vgaarb: loaded
[    0.249684] ACPI: bus type USB registered
[    0.250465] usbcore: registered new interface driver usbfs
[    0.252007] usbcore: registered new interface driver hub
[    0.252961] usbcore: registered new device driver usb
[    0.254037] EDAC MC: Ver: 3.0.0
[    0.254037] PCI: Using ACPI for IRQ routing
[    0.256208] NetLabel: Initializing
[    0.256864] NetLabel:  domain hash size = 128
[    0.257702] NetLabel:  protocols = UNLABELED CIPSOv4 CALIPSO
[    0.258778] NetLabel:  unlabeled traffic allowed by default
[    0.260098] clocksource: Switched to clocksource kvm-clock
[    0.269141] VFS: Disk quotas dquot_6.6.0
[    0.269960] VFS: Dquot-cache hash table entries: 512 (order 0, 4096 bytes)
[    0.271221] AppArmor: AppArmor Filesystem Enabled
[    0.272038] pnp: PnP ACPI init
[    0.274048] pnp: PnP ACPI: found 3 devices
[    0.282528] clocksource: acpi_pm: mask: 0xffffff max_cycles: 0xffffff, max_idle_ns: 2085701024 ns
[    0.284046] NET: Registered protocol family 2
[    0.285130] IP idents hash table entries: 16384 (order: 5, 131072 bytes)
[    0.286778] TCP established hash table entries: 8192 (order: 4, 65536 bytes)
[    0.288073] TCP bind hash table entries: 8192 (order: 5, 131072 bytes)
[    0.289459] TCP: Hash tables configured (established 8192 bind 8192)
[    0.290918] UDP hash table entries: 512 (order: 2, 16384 bytes)
[    0.291972] UDP-Lite hash table entries: 512 (order: 2, 16384 bytes)
[    0.293119] NET: Registered protocol family 1
[    0.293933] pci 0000:00:00.0: Limiting direct PCI/PCI transfers
[    0.294987] pci 0000:00:01.0: Activating ISA DMA hang workarounds
[    0.296157] pci 0000:00:02.0: Video device with shadowed ROM at [mem 0x000c0000-0x000dffff]
[    0.297854] Unpacking initramfs...
[    0.501648] Freeing initrd memory: 19524K
[    0.502546] clocksource: tsc: mask: 0xffffffffffffffff max_cycles: 0x255cb8d7d74, max_idle_ns: 440795265546 ns
[    0.504049] platform rtc_cmos: registered platform RTC device (no PNP device found)
[    0.505902] Scanning for low memory corruption every 60 seconds
[    0.507853] Initialise system trusted keyrings
[    0.508917] Key type blacklist registered
[    0.509800] workingset: timestamp_bits=36 max_order=18 bucket_order=0
[    0.511980] zbud: loaded
[    0.512928] squashfs: version 4.0 (2009/01/31) Phillip Lougher
[    0.514280] fuse init (API version 7.26)
[    0.517514] Key type asymmetric registered
[    0.518216] Asymmetric key parser 'x509' registered
[    0.519114] Block layer SCSI generic (bsg) driver version 0.4 loaded (major 246)
[    0.520491] io scheduler noop registered
[    0.521188] io scheduler deadline registered
[    0.521971] io scheduler cfq registered (default)
[    0.523127] ACPI: AC Adapter [AC] (on-line)
[    0.523872] input: Power Button as /devices/LNXSYSTM:00/LNXPWRBN:00/input/input0
[    0.525595] ACPI: Power Button [PWRF]
[    0.526281] input: Sleep Button as /devices/LNXSYSTM:00/LNXSLPBN:00/input/input1
[    0.527690] ACPI: Sleep Button [SLPF]
[    0.529237] ACPI: Battery Slot [BAT0] (battery present)
[    0.530270] Serial: 8250/16550 driver, 32 ports, IRQ sharing enabled
[    0.552014] 00:02: ttyS0 at I/O 0x3f8 (irq = 4, base_baud = 115200) is a 16550A
[    0.557175] Linux agpgart interface v0.103
[    0.558926] loop: module loaded
[    0.559912] scsi host0: ata_piix
[    0.560649] scsi host1: ata_piix
[    0.561267] ata1: PATA max UDMA/33 cmd 0x1f0 ctl 0x3f6 bmdma 0xd000 irq 14
[    0.562394] ata2: PATA max UDMA/33 cmd 0x170 ctl 0x376 bmdma 0xd008 irq 15
[    0.563657] libphy: Fixed MDIO Bus: probed
[    0.564524] tun: Universal TUN/TAP device driver, 1.6
[    0.565442] PPP generic driver version 2.4.2
[    0.566266] ehci_hcd: USB 2.0 'Enhanced' Host Controller (EHCI) Driver
[    0.567307] ehci-pci: EHCI PCI platform driver
[    0.568153] ehci-platform: EHCI generic platform driver
[    0.569021] ohci_hcd: USB 1.1 'Open' Host Controller (OHCI) Driver
[    0.570113] ohci-pci: OHCI PCI platform driver
[    0.570964] ohci-platform: OHCI generic platform driver
[    0.571857] uhci_hcd: USB Universal Host Controller Interface driver
[    0.573277] i8042: PNP: PS/2 Controller [PNP0303:PS2K,PNP0f03:PS2M] at 0x60,0x64 irq 1,12
[    0.575135] serio: i8042 KBD port at 0x60,0x64 irq 1
[    0.576076] serio: i8042 AUX port at 0x60,0x64 irq 12
[    0.577088] mousedev: PS/2 mouse device common for all mice
[    0.578653] input: AT Translated Set 2 keyboard as /devices/platform/i8042/serio0/input/input2
[    0.580379] rtc_cmos rtc_cmos: rtc core: registered rtc_cmos as rtc0
[    0.581480] rtc_cmos rtc_cmos: alarms up to one day, 114 bytes nvram
[    0.582534] i2c /dev entries driver
[    0.583177] device-mapper: uevent: version 1.0.3
[    0.584172] device-mapper: ioctl: 4.37.0-ioctl (2017-09-20) initialised: dm-devel@redhat.com
[    0.585660] ledtrig-cpu: registered to indicate activity on CPUs
[    0.586942] NET: Registered protocol family 10
[    0.590445] Segment Routing with IPv6
[    0.591186] NET: Registered protocol family 17
[    0.592224] Key type dns_resolver registered
[    0.593262] mce: Using 0 MCE banks
[    0.593948] RAS: Correctable Errors collector initialized.
[    0.594846] sched_clock: Marking stable (593244004, 0)->(751214776, -157970772)
[    0.596452] registered taskstats version 1
[    0.597157] Loading compiled-in X.509 certificates
[    0.599777] Loaded X.509 cert 'Build time autogenerated kernel key: f60a4c8d126e94dbf36c5faa43fb49029eeea9a9'
[    0.601989] Loaded X.509 cert 'Canonical Ltd. Live Patch Signing: 14df34d1a87cf37625abec039ef2bf521249b969'
[    0.604037] Loaded X.509 cert 'Canonical Ltd. Kernel Module Signing: 88f752e560a1e0737e31163a466ad7b70a850c19'
[    0.605856] zswap: loaded using pool lzo/zbud
[    0.609542] Key type big_key registered
[    0.610227] Key type trusted registered
[    0.612072] Key type encrypted registered
[    0.612774] AppArmor: AppArmor sha1 policy hashing enabled
[    0.613741] ima: No TPM chip found, activating TPM-bypass! (rc=-19)
[    0.614761] ima: Allocated hash algorithm: sha1
[    0.615686] evm: HMAC attrs: 0x1
[    0.616472]   Magic number: 1:457:879
[    0.617241] rtc_cmos rtc_cmos: setting system clock to 2021-12-15 09:52:33 UTC (1639561953)
[    0.618711] BIOS EDD facility v0.16 2004-Jun-25, 0 devices found
[    0.619726] EDD information not available.
[    0.749081] Freeing unused kernel image memory: 2448K
[    0.756602] Write protecting the kernel read-only data: 20480k
[    0.758741] Freeing unused kernel image memory: 2008K
[    0.759901] Freeing unused kernel image memory: 1824K
[    0.768876] x86/mm: Checked W+X mappings: passed, no W+X pages found.
[    0.770221] x86/mm: Checking user space page tables
[    0.778736] x86/mm: Checked W+X mappings: passed, no W+X pages found.
Loading, please wait...
starting version 237
[    0.837920] Fusion MPT base driver 3.04.20
[    0.838750] Copyright (c) 1999-2008 LSI Corporation
[    0.852396] AVX2 version of gcm_enc/dec engaged.
[    0.853305] AES CTR mode by8 optimization enabled
[    0.854261] Fusion MPT SPI Host driver 3.04.20
[    0.858075] e1000: Intel(R) PRO/1000 Network Driver - version 7.3.21-k8-NAPI
[    0.859457] e1000: Copyright (c) 1999-2006 Intel Corporation.
[    0.878564] mptbase: ioc0: Initiating bringup
[    1.127173] input: ImExPS/2 Generic Explorer Mouse as /devices/platform/i8042/serio1/input/input4
[    1.149272] ioc0: LSI53C1030 A0: Capabilities={Initiator}
[    3.502181] scsi host2: ioc0: LSI53C1030 A0, FwRev=00000000h, Ports=1, MaxQ=256, IRQ=20
[    5.612371] scsi 2:0:0:0: Direct-Access     VBOX     HARDDISK         1.0  PQ: 0 ANSI: 5
[    5.658951] scsi target2:0:0: Beginning Domain Validation
[    5.662015] scsi target2:0:0: Domain Validation skipping write tests
[    5.663269] scsi target2:0:0: Ending Domain Validation
[    5.664361] scsi target2:0:0: asynchronous
[    5.665969] scsi 2:0:1:0: Direct-Access     VBOX     HARDDISK         1.0  PQ: 0 ANSI: 5
[    5.978204] scsi target2:0:1: Beginning Domain Validation
[    5.980931] random: fast init done
[    5.981732] scsi target2:0:1: Domain Validation skipping write tests
[    5.982990] scsi target2:0:1: Ending Domain Validation
[    5.984209] scsi target2:0:1: asynchronous
[    5.991388] sd 2:0:0:0: Attached scsi generic sg0 type 0
[    5.991434] random: systemd-udevd: uninitialized urandom read (16 bytes read)
[    5.994399] random: systemd-udevd: uninitialized urandom read (16 bytes read)
[    5.995874] random: systemd-udevd: uninitialized urandom read (16 bytes read)
[    5.995891] sd 2:0:1:0: Attached scsi generic sg1 type 0
[    6.002001] sd 2:0:0:0: [sda] 83886080 512-byte logical blocks: (42.9 GB/40.0 GiB)
[    6.005863] sd 2:0:0:0: [sda] Write Protect is off
[    6.007770] sd 2:0:1:0: [sdb] 20480 512-byte logical blocks: (10.5 MB/10.0 MiB)
[    6.010117] sd 2:0:1:0: [sdb] Write Protect is off
[    6.011146] sd 2:0:0:0: [sda] Incomplete mode parameter data
[    6.012287] sd 2:0:0:0: [sda] Assuming drive cache: write through
[    6.013578] sd 2:0:1:0: [sdb] Incomplete mode parameter data
[    6.014783] sd 2:0:1:0: [sdb] Assuming drive cache: write through
[    6.015228] e1000 0000:00:03.0 eth0: (PCI:33MHz:32-bit) 02:77:80:ca:b7:e6
[    6.017458] e1000 0000:00:03.0 eth0: Intel(R) PRO/1000 Network Connection
[    6.020496] e1000 0000:00:03.0 enp0s3: renamed from eth0
[    6.097738]  sda: sda1
[    6.100471] sd 2:0:0:0: [sda] Attached SCSI disk
[    6.101639] sd 2:0:1:0: [sdb] Attached SCSI disk
Begin: Loading essential drivers ... [    7.624128] raid6: sse2x1   gen() 12431 MB/s
[    7.672125] raid6: sse2x1   xor()  9014 MB/s
[    7.720068] raid6: sse2x2   gen() 16001 MB/s
[    7.768125] raid6: sse2x2   xor() 10889 MB/s
[    7.816116] raid6: sse2x4   gen() 18044 MB/s
[    7.864131] raid6: sse2x4   xor()  9930 MB/s
[    7.912010] raid6: avx2x1   gen() 23966 MB/s
[    7.960126] raid6: avx2x1   xor() 17438 MB/s
[    8.008119] raid6: avx2x2   gen() 30509 MB/s
[    8.056125] raid6: avx2x2   xor() 18473 MB/s
[    8.104106] raid6: avx2x4   gen() 36024 MB/s
[    8.152131] raid6: avx2x4   xor() 20359 MB/s
[    8.153265] raid6: using algorithm avx2x4 gen() 36024 MB/s
[    8.154724] raid6: .... xor() 20359 MB/s, rmw enabled
[    8.155652] raid6: using avx2x2 recovery algorithm
[    8.158028] xor: automatically using best checksumming function   avx       
[    8.160084] async_tx: api initialized (async)
done.
Begin: Running /scripts/init-premount ... done.
Begin: Mounting root file system ... Begin: Running /scripts/local-top ... done.
Begin: Running /scripts/local-premount ... [    8.198457] Btrfs loaded, crc32c=crc32c-intel
Scanning for Btrfs filesystems
done.
Warning: fsck not present, so skipping root file system
[    8.225718] EXT4-fs (sda1): mounted filesystem with ordered data mode. Opts: (null)
done.
Begin: Running /scripts/local-bottom ... done.
Begin: Running /scripts/init-bottom ... done.
[    8.378968] ip_tables: (C) 2000-2006 Netfilter Core Team
[    8.388904] systemd[1]: systemd 237 running in system mode. (+PAM +AUDIT +SELINUX +IMA +APPARMOR +SMACK +SYSVINIT +UTMP +LIBCRYPTSETUP +GCRYPT +GNUTLS +ACL +XZ +LZ4 +SECCOMP +BLKID +ELFUTILS +KMOD -IDN2 +IDN -PCRE2 default-hierarchy=hybrid)
[    8.393236] systemd[1]: Detected virtualization oracle.
[    8.394196] systemd[1]: Detected architecture x86-64.

Welcome to [1mUbuntu 18.04.6 LTS[0m!

[    8.399924] systemd[1]: Set hostname to <ubuntu>.
[    8.403818] systemd[1]: Initializing machine ID from random generator.
[    8.405227] systemd[1]: Installed transient /etc/machine-id file.
[    8.665916] systemd[1]: Created slice User and Session Slice.
[[0;32m  OK  [0m] Created slice User and Session Slice.
[    8.667550] systemd[1]: Created slice System Slice.
[[0;32m  OK  [0m] Created slice System Slice.
[    8.668926] systemd[1]: Listening on LVM2 metadata daemon socket.
[[0;32m  OK  [0m] Listening on LVM2 metadata daemon socket.
[    8.680626] systemd[1]: Listening on LVM2 poll daemon socket.
[[0;32m  OK  [0m] Listening on LVM2 poll daemon socket.
[[0;32m  OK  [0m] Listening on Journal Audit Socket.
[[0;32m  OK  [0m] Listening on /dev/initctl Compatibility Named Pipe.
[[0;32m  OK  [0m] Listening on Journal Socket.
         Starting Set the console keyboard layout...
         Mounting POSIX Message Queue File System...
         Starting Create list of required stâ€¦ce nodes for the current kernel...
[[0;32m  OK  [0m] Listening on udev Kernel Socket.
         Mounting Huge Pages File System...
[[0;32m  OK  [0m] Listening on udev Control Socket.
[[0;32m  OK  [0m] Created slice system-serial\x2dgetty.slice.
[[0;32m  OK  [0m] Reached target System Time Synchronized.
[[0;32m  OK  [0m] Listening on Device-mapper event daemon FIFOs.
[[0;32m  OK  [0m] Reached target Swap.
         Starting Uncomplicated firewall...
         Starting udev Coldplug all Devices...
[[0;32m  OK  [0m] Set up automount Arbitrary Executabâ€¦rmats File System Automount Point.
         Mounting Kernel Debug File System...
[[0;32m  OK  [0m] Started Forward Password Requests to Wall Directory Watch.
[[0;32m  OK  [0m] Listening on fsck to fsckd communication Socket.
         Starting File System Check on Root Device...
         Starting Load Kernel Modules...
         Starting Monitoring of LVM2 mirrorsâ€¦ng dmeventd or progress polling...
[    8.854977] Loading iSCSI transport class v2.0-870.
[[0;32m  OK  [0m] Reached target User and Group Name Lookups.
[    8.861750] iscsi: registered transport (tcp)
[[0;32m  OK  [0m] Listening on Network Service Netlink Socket.
[    8.877411] iscsi: registered transport (iser)
[[0;32m  OK  [0m] Reached target Slices.
[[0;32m  OK  [0m] Listening on Journal Socket (/dev/log).
[[0;32m  OK  [0m] Listening on Syslog Socket.
         Starting Journal Service...
[[0;32m  OK  [0m] Started Set the console keyboard layout.
[[0;32m  OK  [0m] Mounted POSIX Message Queue File System.
[[0;32m  OK  [0m] Started Create list of required staâ€¦vice nodes for the current kernel.
[[0;32m  OK  [0m] Mounted Huge Pages File System.
[[0;32m  OK  [0m] Started Journal Service.
[[0;32m  OK  [0m] Started Uncomplicated firewall.
[[0;32m  OK  [0m] Mounted Kernel Debug File System.
[[0;32m  OK  [0m] Started File System Check on Root Device.
[[0;32m  OK  [0m] Started Load Kernel Modules.
[[0;32m  OK  [0m] Started LVM2 metadata daemon.
[[0;32m  OK  [0m] Started File System Check Daemon to report status.
         Mounting Kernel Configuration File System...
         Starting Apply Kernel Variables...
         Mounting FUSE Control File System...
         Starting Remount Root and Kernel File Systems...
         Starting Create Static Device Nodes in /dev...
[[0;32m  OK  [0m] Started Monitoring of LVM2 mirrors,â€¦sing dmeventd or progress polling.
[[0;32m  OK  [0m] Started udev Coldplug all Devices.
[[0;32m  OK  [0m] Mounted Kernel Configuration File System.
[[0;32m  OK  [0m] Started Apply Kernel Variables.
[[0;32m  OK  [0m] Mounted FUSE Control File System.
[[0;32m  OK  [0m] Started Create Static Device Nodes in /dev.
[[0;32m  OK  [0m] Started Remount Root and Kernel File Systems.
         Starting Flush Journal to Persistent Storage...
         Starting Load/Save Random Seed...
         Starting udev Kernel Device Manager...
[[0;32m  OK  [0m] Reached target Local File Systems (Pre).
[[0;32m  OK  [0m] Reached target Local File Systems.
         Starting ebtables ruleset management...
         Starting Commit a transient machine-id on disk...
         Starting Set console font and keymap...
         Starting AppArmor initialization...
         Starting Tell Plymouth To Write Out Runtime Data...
[[0;32m  OK  [0m] Started udev Kernel Device Manager.
[[0;32m  OK  [0m] Started Load/Save Random Seed.
[[0;32m  OK  [0m] Started Set console font and keymap.
[[0;32m  OK  [0m] Started Tell Plymouth To Write Out Runtime Data.
[[0;32m  OK  [0m] Started Dispatch Password Requests to Console Directory Watch.
[[0;32m  OK  [0m] Reached target Local Encrypted Volumes.
[[0;32m  OK  [0m] Started Commit a transient machine-id on disk.
[[0;32m  OK  [0m] Started Flush Journal to Persistent Storage.
         Starting Create Volatile Files and Directories...
[[0;32m  OK  [0m] Started ebtables ruleset management.
[[0;32m  OK  [0m] Started Create Volatile Files and Directories.
         Starting Update UTMP about System Boot/Shutdown...
[[0;32m  OK  [0m] Started Update UTMP about System Boot/Shutdown.
[[0;32m  OK  [0m] Found device /dev/ttyS0.
[[0;32m  OK  [0m] Listening on Load/Save RF Kill Switch Status /dev/rfkill Watch.
[[0;32m  OK  [0m] Started AppArmor initialization.
         Starting Load AppArmor profiles managed internally by snapd...
         Starting Initial cloud-init job (pre-networking)...
[[0;32m  OK  [0m] Started Load AppArmor profiles managed internally by snapd.
[   11.986918] cloud-init[573]: Cloud-init v. 21.4-0ubuntu1~18.04.1 running 'init-local' at Wed, 15 Dec 2021 09:52:44 +0000. Up 11.61 seconds.
[[0;32m  OK  [0m] Started Initial cloud-init job (pre-networking).
[[0;32m  OK  [0m] Reached target Network (Pre).
         Starting Network Service...
[[0;32m  OK  [0m] Started Network Service.
         Starting Wait for Network to be Configured...
         Starting Network Name Resolution...
[[0;32m  OK  [0m] Started Network Name Resolution.
[[0;32m  OK  [0m] Reached target Host and Network Name Lookups.
[[0;32m  OK  [0m] Reached target Network.
[[0;32m  OK  [0m] Started Wait for Network to be Configured.
         Starting Initial cloud-init job (metadata service crawler)...
[   14.388804] cloud-init[701]: Cloud-init v. 21.4-0ubuntu1~18.04.1 running 'init' at Wed, 15 Dec 2021 09:52:47 +0000. Up 14.15 seconds.
[   14.390094] cloud-init[701]: ci-info: ++++++++++++++++++++++++++++++++++++++Net device info++++++++++++++++++++++++++++++++++++++
[   14.391452] cloud-init[701]: ci-info: +--------+------+----------------------------+---------------+--------+-------------------+
[   14.392797] cloud-init[701]: ci-info: | Device |  Up  |          Address           |      Mask     | Scope  |     Hw-Address    |
[   14.394094] cloud-init[701]: ci-info: +--------+------+----------------------------+---------------+--------+-------------------+
[   14.396123] cloud-init[701]: ci-info: | enp0s3 | True |         10.0.2.15          | 255.255.255.0 | global | 02:77:80:ca:b7:e6 |
[   14.397332] cloud-init[701]: ci-info: | enp0s3 | True | fe80::77:80ff:feca:b7e6/64 |       .       |  link  | 02:77:80:ca:b7:e6 |
[   14.398796] cloud-init[701]: ci-info: |   lo   | True |         127.0.0.1          |   255.0.0.0   |  host  |         .         |
[   14.399965] cloud-init[701]: ci-info: |   lo   | True |          ::1/128           |       .       |  host  |         .         |
[   14.412281] cloud-init[701]: ci-info: +--------+------+----------------------------+---------------+--------+-------------------+
[   14.413606] cloud-init[701]: ci-info: ++++++++++++++++++++++++++++Route IPv4 info+++++++++++++++++++++++++++++
[   14.414768] cloud-init[701]: ci-info: +-------+-------------+----------+-----------------+-----------+-------+
[   14.415961] cloud-init[701]: ci-info: | Route | Destination | Gateway  |     Genmask     | Interface | Flags |
[   14.417366] cloud-init[701]: ci-info: +-------+-------------+----------+-----------------+-----------+-------+
[   14.418742] cloud-init[701]: ci-info: |   0   |   0.0.0.0   | 10.0.2.2 |     0.0.0.0     |   enp0s3  |   UG  |
[   14.420504] cloud-init[701]: ci-info: |   1   |   10.0.2.0  | 0.0.0.0  |  255.255.255.0  |   enp0s3  |   U   |
[   14.421936] cloud-init[701]: ci-info: |   2   |   10.0.2.2  | 0.0.0.0  | 255.255.255.255 |   enp0s3  |   UH  |
[   14.422798] cloud-init[701]: ci-info: +-------+-------------+----------+-----------------+-----------+-------+
[   14.424334] cloud-init[701]: ci-info: +++++++++++++++++++Route IPv6 info+++++++++++++++++++
[   14.425246] cloud-init[701]: ci-info: +-------+-------------+---------+-----------+-------+
[   14.436323] cloud-init[701]: ci-info: | Route | Destination | Gateway | Interface | Flags |
[   14.437355] cloud-init[701]: ci-info: +-------+-------------+---------+-----------+-------+
[   14.448659] cloud-init[701]: ci-info: |   1   |  fe80::/64  |    ::   |   enp0s3  |   U   |
[   14.460267] cloud-init[701]: ci-info: |   3   |    local    |    ::   |   enp0s3  |   U   |
[   14.463017] cloud-init[701]: ci-info: |   4   |   ff00::/8  |    ::   |   enp0s3  |   U   |
[   14.464529] cloud-init[701]: ci-info: +-------+-------------+---------+-----------+-------+
[   16.462290] cloud-init[701]: Generating public/private rsa key pair.
[   16.472230] cloud-init[701]: Your identification has been saved in /etc/ssh/ssh_host_rsa_key.
[   16.484232] cloud-init[701]: Your public key has been saved in /etc/ssh/ssh_host_rsa_key.pub.
[   16.496268] cloud-init[701]: The key fingerprint is:
[   16.496762] cloud-init[701]: SHA256:Q4GF1kWnxFCifXr+F4U5J42CnvsNPYzrHsLQ3Ngy3aI root@ubuntu-bionic
[   16.497323] cloud-init[701]: The key's randomart image is:
[   16.497779] cloud-init[701]: +---[RSA 2048]----+
[   16.498415] cloud-init[701]: |       ==*= .    |
[   16.499026] cloud-init[701]: |      +o.+.o     |
[   16.499612] cloud-init[701]: |     .. o o.   = |
[   16.500228] cloud-init[701]: |       . =.=..* +|
[   16.500827] cloud-init[701]: |        S.B.=..= |
[   16.501408] cloud-init[701]: |         *o+ =.  |
[   16.502014] cloud-init[701]: |          E.+ +. |
[   16.502604] cloud-init[701]: |          .o =.. |
[   16.503249] cloud-init[701]: |           +*..  |
[   16.503888] cloud-init[701]: +----[SHA256]-----+
[   16.504493] cloud-init[701]: Generating public/private dsa key pair.
[   16.505165] cloud-init[701]: Your identification has been saved in /etc/ssh/ssh_host_dsa_key.
[   16.506074] cloud-init[701]: Your public key has been saved in /etc/ssh/ssh_host_dsa_key.pub.
[[0;32m  OK  [0m] Started Initial cloud-init job (metadata service crawler).
[   16.520724] cloud-init[701]: The key fingerprint is:
[[0;32m  OK  [0m] Reached target System Initialization.
[   16.532555] cloud-init[701]: SHA256:eQ61nPeChLUB9PWDN779zBl2LLglL33yddZAU4lK6Kg root@ubuntu-bionic
[   16.533980] [[0;32m  OK  [0m] Started Ubuntu Advantage Timer for running repeated jobs.cloud-init
[701]: The key's randomart image is:
         Starting LXD - unix socket.
[   16.544245] cloud-init[701]: +---[DSA 1024]----+
[[0;32m  OK  [0m] Started Daily apt download activities.
[[0;32m  OK  [0m] Started Daily Cleanup of Temporary Directories.
[   16.557935] cloud-init[701]: |       .o . . . o|
[[0;32m  OK  [0m] Started ACPI Events Check.
[   16.569513] [cloud-init[0;32m  OK  [0m[701]: ] |         + o + o |Listening on UUID daemon activation socket.

[[0;32m  OK  [0m] Listening on ACPID Listen Socket.
[   16.592145] cloud-init[701]: |        o * o B  |
[[0;32m  OK  [0m] Started Trigger to poll for Ubuntu â€¦(Only enabled on GCP LTS non-pro).
[[   16.604636] [0;32m  OK  [0mcloud-init] [701]: Reached target Paths.|       . B * + + |

[[0;32m  OK  [0m] Listening on cloud-init hotplug hook socket.
[   16.639415] [[0;32m  OK  [0m] Listening on D-Bus System Message Bus Socket.
cloud-init[[0;32m  OK  [0m] Started Daily apt upgrade and clean activities.
[[0;32m  OK  [0m] Started Message of the Day.
[701]:          Starting Socket activation for snappy daemon.
[[0;32m  OK  [0m] Listening on Open-iSCSI iscsid Socket.
[[0;32m  OK  [0m] Started Discard unused blocks once a week.
[[0;32m  OK  [0m] Reached target Timers.
[[0;32m  OK  [0m] Reached target Cloud-config availability.
[[0;32m  OK  [0m] Reached target Network is Online.
|      . S B . o  |
[   16.645614] cloud-init[701]: |     E   = o o =.|
[   16.646670] cloud-init[701]: |          o +.=oO|
[   16.647382] cloud-init         Starting Availability of block devices...
[701]: |            .*+=O|
[[0;32m  OK  [0m] Reached target Remote File Systems (Pre).
[[0;32m  OK  [0m] Reached target Remote File Systems.
[[0;32m  OK  [0m] Listening on LXD - unix socket.
[[0;32m  OK  [0m] Listening on Socket activation for snappy daemon.
[[0;32m  OK  [0m] Reached target Sockets.
[[0;32m  OK  [0m] Reached target Basic System.
         Starting Pollinate to seed the pseudo random number generator...
         Starting Permit User Sessions...
[   16.656758] cloud-init[701]: |            ...==|
[   16.668184]          cloud-initStarting LSB: automatic crash report generation...[701]: 
+----[SHA256]-----+
[[0;32m  OK  [0m] Started D-Bus System Message Bus.
[   16.684742] cloud-init[701]: Generating public/private ecdsa key pair.
         Starting Login Service...
[   16.708542] cloud-init[701]: Your identification has been saved in /etc/ssh/ssh_host_ecdsa_key.
         Starting LSB: Record successful boot for GRUB...
[   16.720345] cloud-init[701]: Your public key has been saved in /etc/ssh/ssh_host_ecdsa_key.pub.
         Starting Virtualbox guest utils...
[   16.721927] cloud-init[701]: The key fingerprint is:
[[0;32m  OK  [0m] Started FUSE filesystem for LXC.
[   16.723120] cloud-init[701]: SHA256:TW8loupoG4y3tVt0G/zw3xhDbCqhvJqn5Bn/AwP05lk root@ubuntu-bionic
         Starting LXD - container startup/shutdown...
[   16.725685] cloud-init[701]: The key's randomart image is:
[   16.727052] cloud-init[701]: +---[ECDSA 256]---+
[   16.727901] cloud-init[701]: |                 |
[   16.728756] cloud-init[701]: |      .          |
[   16.729840] cloud-init[701]: |     . .  o . .  |
[   16.730786] cloud-init[701]: |      . o=Eo +   |
[   16.731693] cloud-init[701]: |       +SoB o +  |
[   16.735203] cloud-init[701]: |   o   +=o O +   |
[   16.735976] cloud-init[701]: |  . + = +oo + o  |
[   16.736634] cloud-init[701]: |   ..O B.... . = |
[   16.737252] cloud-init[701]: |   .+.X=o...  o .|
[   16.737868] cloud-init[701]: +----[SHA256]-----+
[   16.738484] cloud-init[701]: Generating public/private ed25519 key pair.
[   16.739341] cloud-init[701]: Your identification has been saved in /etc/ssh/ssh_host_ed25519_key.
[   16.740533] cloud-init[701]: Your public key has been saved in /etc/ssh/ssh_host_ed25519_key.pub.
[   16.757036] cloud-init[701]: The key fingerprint is:
[[0;32m  OK  [0m] Started Regular background program processing daemon.
[   16.768201] cloud-init[701]: SHA256:DddmQxuzT1FCi7OP5eOBNbE+tcGuVMypCYImZ1cG0hE root@ubuntu-bionic
[   16.796854] cloud-init[701]: The key's randomart image is:
[   16.808549] cloud-init[701]: +--[ED25519 256]--+
[   16.809030] cloud-init[701]: |       ..Eo +.+..|
         Starting Snap Daemon...
[   16.820382] cloud-init[701]: |        ...o * + |
[   16.821777] cloud-init[701]: |        . .oX +  |
[   16.822357] cloud-init[701]: |        .+oo *+o.|
[   16.832614] cloud-init[701]: |     . =So... *B.|
[   16.834012] cloud-init[701]: |      = . . .O=oo|
[   16.835215] cloud-init[701]: |            o+Bo |
[   16.844589] cloud-init[701]: |            ...+ |
[   16.845593] cloud-init[701]: |             ..  |
[   16.861489] cloud-init[701]: +----[SHA256]-----+
[[0;32m  OK  [0m] Started irqbalance daemon.
         Starting System Logging Service...
[[0;32m  OK  [0m] Started Deferred execution scheduler.
         Starting Dispatcher daemon for systemd-networkd...
         Starting Accounts Service...
[[0;32m  OK  [0m] Started System Logging Service.
[[0;32m  OK  [0m] Started Availability of block devices.
[[0;32m  OK  [0m] Started Permit User Sessions.
[[0;32m  OK  [0m] Started Login Service.
[[0;32m  OK  [0m] Started Unattended Upgrades Shutdown.
         Starting Terminate Plymouth Boot Screen...
         Starting Hold until boot process finishes up...
[[0;32m  OK  [0m] Started Hold until boot process finishes up.
[[0;32m  OK  [0m] Started Terminate Plymouth Boot Screen.
[[0;32m  OK  [0m] Started Serial Getty on ttyS0.
         Starting Set console scheme...
[[0;32m  OK  [0m] Started LXD - container startup/shutdown.
[[0;32m  OK  [0m] Started Set console scheme.
[[0;32m  OK  [0m] Started LSB: automatic crash report generation.
         Starting Authorization Manager...
[[0;32m  OK  [0m] Created slice system-getty.slice.
[[0;32m  OK  [0m] Started Getty on tty1.
[[0;32m  OK  [0m] Reached target Login Prompts.
[[0;32m  OK  [0m] Started Authorization Manager.
[[0;32m  OK  [0m] Started Accounts Service.
[[0;32m  OK  [0m] Started Virtualbox guest utils.
[[0;32m  OK  [0m] Started LSB: Record successful boot for GRUB.
[[0;32m  OK  [0m] Started Dispatcher daemon for systemd-networkd.
[[0;32m  OK  [0m] Started Snap Daemon.
         Starting Wait until snapd is fully seeded...
[[0;32m  OK  [0m] Started Pollinate to seed the pseudo random number generator.
         Starting OpenBSD Secure Shell server...
[[0;32m  OK  [0m] Started OpenBSD Secure Shell server.
[[0;32m  OK  [0m] Created slice User Slice of vagrant.
         Starting User Manager for UID 1000...
[[0;32m  OK  [0m] Started Session 1 of user vagrant.
[[0;32m  OK  [0m] Started User Manager for UID 1000.
[[0;32m  OK  [0m] Started Wait until snapd is fully seeded.
         Starting Apply the settings specified in cloud-config...
[[0;32m  OK  [0m] Reached target Multi-User System.
[[0;32m  OK  [0m] Reached target Graphical Interface.
         Starting Update UTMP about System Runlevel Changes...
[[0;32m  OK  [0m] Started Update UTMP about System Runlevel Changes.
[   22.104613] cloud-init[1465]: Cloud-init v. 21.4-0ubuntu1~18.04.1 running 'modules:config' at Wed, 15 Dec 2021 09:52:54 +0000. Up 21.66 seconds.
ci-info: no authorized SSH keys fingerprints found for user ubuntu.
<14>Dec 15 09:52:55 cloud-init: #############################################################
<14>Dec 15 09:52:55 cloud-init: -----BEGIN SSH HOST KEY FINGERPRINTS-----
<14>Dec 15 09:52:55 cloud-init: 1024 SHA256:eQ61nPeChLUB9PWDN779zBl2LLglL33yddZAU4lK6Kg root@ubuntu-bionic (DSA)
<14>Dec 15 09:52:55 cloud-init: 256 SHA256:TW8loupoG4y3tVt0G/zw3xhDbCqhvJqn5Bn/AwP05lk root@ubuntu-bionic (ECDSA)
<14>Dec 15 09:52:55 cloud-init: 256 SHA256:DddmQxuzT1FCi7OP5eOBNbE+tcGuVMypCYImZ1cG0hE root@ubuntu-bionic (ED25519)
<14>Dec 15 09:52:55 cloud-init: 2048 SHA256:Q4GF1kWnxFCifXr+F4U5J42CnvsNPYzrHsLQ3Ngy3aI root@ubuntu-bionic (RSA)
<14>Dec 15 09:52:55 cloud-init: -----END SSH HOST KEY FINGERPRINTS-----
<14>Dec 15 09:52:55 cloud-init: #############################################################
-----BEGIN SSH HOST KEY KEYS-----
ecdsa-sha2-nistp256 AAAAE2VjZHNhLXNoYTItbmlzdHAyNTYAAAAIbmlzdHAyNTYAAABBBPILzCVeRUqSOP5GXMRp2v44jQk9M14F1Kmx8PbrOnrz0787gCCFWRVwYCn1oI7veVLaoGJhTjY2Fe+2rEucx4c= root@ubuntu-bionic
ssh-ed25519 AAAAC3NzaC1lZDI1NTE5AAAAILc49DjHbCxInA5W3WwWaO6nXnHf2Kpxm19daZN6A6W6 root@ubuntu-bionic
ssh-rsa AAAAB3NzaC1yc2EAAAADAQABAAABAQC2PbBipFLCdU1U2R3bIfBl7yCDzWBFLWACeK3IrsUAwEcyIR9ILXzjfaE84Tf4wtFLlQxa0q2hozTPg2/ws3l9Z3scoZMAc0WfpXooCAPlBVL1A1voL+MF8e2iWqSj5lAfZx6kROyQ7VepptySVO95a2zX9AHr4gohdAA1Da6F5yelvKOosK+htzWsixqo8FNCBughL673k001Y1dDIvRD3HkxbA4MaTD+o/sn4SZuunBfxJwj/VC/TIEtu0RDt1+H8XLCmrmnNN1GihddvjG7p94SifMAQ95nc4tfVcKcuSraUj41arLMmD7tRzF6yZmFPx7N8xEHEPQTQdtclkOV root@ubuntu-bionic
-----END SSH HOST KEY KEYS-----
[   22.863900] cloud-init[1636]: Cloud-init v. 21.4-0ubuntu1~18.04.1 running 'modules:final' at Wed, 15 Dec 2021 09:52:55 +0000. Up 22.68 seconds.
[   22.865228] cloud-init[1636]: ci-info: no authorized SSH keys fingerprints found for user ubuntu.
[   22.866568] cloud-init[1636]: Cloud-init v. 21.4-0ubuntu1~18.04.1 finished at Wed, 15 Dec 2021 09:52:55 +0000. Datasource DataSourceNoCloud [seed=/dev/sdb][dsmode=net].  Up 22.85 seconds

Ubuntu 18.04.6 LTS ubuntu-bionic ttyS0

ubuntu-bionic login: 